// Jest Snapshot v1, https://goo.gl/fbAQLP

exports[`renders correctly 1`] = `
Array [
  <style>
    [object Object]
  </style>,
  <div
    className="lds-css ng-scope"
  >
    <div
      className="lds-ripple"
      style={
        Object {
          "height": "100%",
          "width": "100%",
        }
      }
    >
      <div />
      <div />
    </div>
  </div>,
]
`;
